stderr:

stdout:
sending 32 messages of size 16384
recieving from the same process after every message
done

sending 32 messages of size 16384
constantly recieving from a subshell
done
status: 0
