stderr:

stdout:
parent done

subshell done
status: 0
